[2026-09-28 20:32:58] git pull中...
[2026-09-28 20:32:59] Already up to date.
[2026-09-28 20:32:59] scrape_dam.py 実行中...
[2026-09-28 20:33:00] [2026-09-28 20:33:00] ログインページを取得中...
[2026-09-28 20:33:00] [2026-09-28 20:33:00] ログインPOSTを送信中...
[2026-09-28 20:33:00] [2026-09-28 20:33:00] ログイン成功。
[2026-09-28 20:33:00] [2026-09-28 20:33:00] cdmCardNo 取得済み (先頭6文字のみ表示: ODAwMD...)
[2026-09-28 20:33:00] [2026-09-28 20:33:00] 精密採点Ai のデータを取得中...
[2026-09-28 20:33:14] [2026-09-28 20:33:14] 精密採点Ai: 200件 取得
[2026-09-28 20:33:14] [2026-09-28 20:33:14] 精密採点DX-G のデータを取得中...
[2026-09-28 20:33:27] [2026-09-28 20:33:27] 精密採点DX-G: 200件 取得
[2026-09-28 20:33:27] [2026-09-28 20:33:27] 精密採点Ai Heart を試行中: GetScoringHeartsListXML.do
[2026-09-28 20:33:41] [2026-09-28 20:33:41] 精密採点Ai Heart: GetScoringHeartsListXML.do で 200件 取得成功
[2026-09-28 20:33:41] [2026-09-28 20:33:41] ai: 累計 876件 (今回 +0件)
[2026-09-28 20:33:41] [2026-09-28 20:33:41] ai: 詳細取得が必要な曲はありません
[2026-09-28 20:33:42] [2026-09-28 20:33:42] dxg: 累計 206件 (今回 +0件)
[2026-09-28 20:33:42] [2026-09-28 20:33:42] dxg: 詳細取得が必要な曲はありません
[2026-09-28 20:33:42] [2026-09-28 20:33:42] hearts: 累計 408件 (今回 +0件)
[2026-09-28 20:33:42] [2026-09-28 20:33:42] hearts: 詳細取得が必要な曲はありません
[2026-09-28 20:33:42] [2026-09-28 20:33:42] 原曲キー: 新規取得が必要な曲はありません
[2026-09-28 20:33:42] [2026-09-28 20:33:42] 完了: {"ai": {"total": 876, "added": 0, "detailFetched": 0}, "dxg": {"total": 206, "added": 0, "detailFetched": 0}, "hearts": {"total": 408, "added": 0, "detailFetched": 0}}
