[2026-10-05 19:15:39] git pull中...
[2026-10-05 19:15:39] Already up to date.
[2026-10-05 19:15:39] scrape_dam.py 実行中...
[2026-10-05 19:15:41] [2026-10-05 19:15:41] ログインページを取得中...
[2026-10-05 19:15:42] [2026-10-05 19:15:42] ログインPOSTを送信中...
[2026-10-05 19:15:42] [2026-10-05 19:15:42] ログイン成功。
[2026-10-05 19:15:42] [2026-10-05 19:15:42] cdmCardNo 取得済み (先頭6文字のみ表示: ODAwMD...)
[2026-10-05 19:15:42] [2026-10-05 19:15:42] 精密採点Ai のデータを取得中...
[2026-10-05 19:15:56] [2026-10-05 19:15:56] 精密採点Ai: 200件 取得
[2026-10-05 19:15:56] [2026-10-05 19:15:56] 精密採点DX-G のデータを取得中...
[2026-10-05 19:16:10] [2026-10-05 19:16:10] 精密採点DX-G: 200件 取得
[2026-10-05 19:16:10] [2026-10-05 19:16:10] 精密採点Ai Heart を試行中: GetScoringHeartsListXML.do
[2026-10-05 19:16:24] [2026-10-05 19:16:24] 精密採点Ai Heart: GetScoringHeartsListXML.do で 200件 取得成功
[2026-10-05 19:16:24] [2026-10-05 19:16:24] ai: 累計 945件 (今回 +0件)
[2026-10-05 19:16:24] [2026-10-05 19:16:24] ai: 詳細取得が必要な曲はありません
[2026-10-05 19:16:24] [2026-10-05 19:16:24] dxg: 累計 206件 (今回 +0件)
[2026-10-05 19:16:24] [2026-10-05 19:16:24] dxg: 詳細取得が必要な曲はありません
[2026-10-05 19:16:24] [2026-10-05 19:16:24] hearts: 累計 436件 (今回 +0件)
[2026-10-05 19:16:24] [2026-10-05 19:16:24] hearts: 詳細取得が必要な曲はありません
[2026-10-05 19:16:24] [2026-10-05 19:16:24] 原曲キー: 新規取得が必要な曲はありません
[2026-10-05 19:16:25] [2026-10-05 19:16:25] 完了: {"ai": {"total": 945, "added": 0, "detailFetched": 0}, "dxg": {"total": 206, "added": 0, "detailFetched": 0}, "hearts": {"total": 436, "added": 0, "detailFetched": 0}}
[2026-10-05 19:16:25] レパートリー更新中...
[2026-10-05 19:16:26] repertoire.json: 222曲 (未分類 0曲)
