[2026-10-04 02:00:03] git pull中...
[2026-10-04 02:00:04] Already up to date.
[2026-10-04 02:00:04] scrape_dam.py 実行中...
[2026-10-04 02:00:07] [2026-10-04 02:00:07] ログインページを取得中...
[2026-10-04 02:00:08] [2026-10-04 02:00:08] ログインPOSTを送信中...
[2026-10-04 02:00:08] [2026-10-04 02:00:08] ログイン成功。
[2026-10-04 02:00:08] [2026-10-04 02:00:08] cdmCardNo 取得済み (先頭6文字のみ表示: ODAwMD...)
[2026-10-04 02:00:08] [2026-10-04 02:00:08] 精密採点Ai のデータを取得中...
[2026-10-04 02:00:22] [2026-10-04 02:00:22] 精密採点Ai: 200件 取得
[2026-10-04 02:00:22] [2026-10-04 02:00:22] 精密採点DX-G のデータを取得中...
[2026-10-04 02:00:36] [2026-10-04 02:00:36] 精密採点DX-G: 200件 取得
[2026-10-04 02:00:36] [2026-10-04 02:00:36] 精密採点Ai Heart を試行中: GetScoringHeartsListXML.do
[2026-10-04 02:00:50] [2026-10-04 02:00:50] 精密採点Ai Heart: GetScoringHeartsListXML.do で 200件 取得成功
[2026-10-04 02:00:50] [2026-10-04 02:00:50] ai: 累計 945件 (今回 +0件)
[2026-10-04 02:00:50] [2026-10-04 02:00:50] ai: 詳細取得が必要な曲はありません
[2026-10-04 02:00:50] [2026-10-04 02:00:50] dxg: 累計 206件 (今回 +0件)
[2026-10-04 02:00:50] [2026-10-04 02:00:50] dxg: 詳細取得が必要な曲はありません
[2026-10-04 02:00:50] [2026-10-04 02:00:50] hearts: 累計 436件 (今回 +0件)
[2026-10-04 02:00:50] [2026-10-04 02:00:50] hearts: 詳細取得が必要な曲はありません
[2026-10-04 02:00:50] [2026-10-04 02:00:50] 原曲キー: 新規取得が必要な曲はありません
[2026-10-04 02:00:51] [2026-10-04 02:00:51] 完了: {"ai": {"total": 945, "added": 0, "detailFetched": 0}, "dxg": {"total": 206, "added": 0, "detailFetched": 0}, "hearts": {"total": 436, "added": 0, "detailFetched": 0}}
