[2026-10-09 14:00:01] git pull中...
[2026-10-09 14:00:02] Already up to date.
[2026-10-09 14:00:02] scrape_dam.py 実行中...
[2026-10-09 14:00:03] [2026-10-09 14:00:03] ログインページを取得中...
[2026-10-09 14:00:03] [2026-10-09 14:00:03] ログインPOSTを送信中...
[2026-10-09 14:00:03] [2026-10-09 14:00:03] ログイン成功。
[2026-10-09 14:00:03] [2026-10-09 14:00:03] cdmCardNo 取得済み (先頭6文字のみ表示: ODAwMD...)
[2026-10-09 14:00:03] [2026-10-09 14:00:03] 精密採点Ai のデータを取得中...
[2026-10-09 14:00:17] [2026-10-09 14:00:17] 精密採点Ai: 200件 取得
[2026-10-09 14:00:17] [2026-10-09 14:00:17] 精密採点DX-G のデータを取得中...
[2026-10-09 14:00:31] [2026-10-09 14:00:31] 精密採点DX-G: 200件 取得
[2026-10-09 14:00:31] [2026-10-09 14:00:31] 精密採点Ai Heart を試行中: GetScoringHeartsListXML.do
[2026-10-09 14:00:46] [2026-10-09 14:00:46] 精密採点Ai Heart: GetScoringHeartsListXML.do で 200件 取得成功
[2026-10-09 14:00:46] [2026-10-09 14:00:46] ai: 累計 1079件 (今回 +33件)
[2026-10-09 14:00:46] [2026-10-09 14:00:46] ai: 33曲分の詳細を取得します...
[2026-10-09 14:00:54] [2026-10-09 14:00:54] ai: 詳細取得 成功33件 / 失敗0件
[2026-10-09 14:00:54] [2026-10-09 14:00:54] dxg: 累計 206件 (今回 +0件)
[2026-10-09 14:00:54] [2026-10-09 14:00:54] dxg: 詳細取得が必要な曲はありません
[2026-10-09 14:00:54] [2026-10-09 14:00:54] hearts: 累計 436件 (今回 +0件)
[2026-10-09 14:00:54] [2026-10-09 14:00:54] hearts: 詳細取得が必要な曲はありません
[2026-10-09 14:00:54] [2026-10-09 14:00:54] 原曲キー: 1曲分を取得します...
[2026-10-09 14:00:54] [2026-10-09 14:00:54] 原曲キー: 取得 成功1件 / 取得不可0件
[2026-10-09 14:00:55] [2026-10-09 14:00:55] 完了: {"ai": {"total": 1079, "added": 33, "detailFetched": 33}, "dxg": {"total": 206, "added": 0, "detailFetched": 0}, "hearts": {"total": 436, "added": 0, "detailFetched": 0}}
[2026-10-09 14:00:55] レパートリー更新中...
[2026-10-09 14:00:56] repertoire.json: 224曲 (未分類 1曲)
[2026-10-09 14:00:56] [main 81483d1] 謗｡轤ｹ繝・・繧ｿ譖ｴ譁ｰ 2026-10-09 14:00 JST (繝ｭ繝ｼ繧ｫ繝ｫ螳溯｡・
[2026-10-09 14:00:56]  7 files changed, 12122 insertions(+), 8 deletions(-)
[2026-10-09 14:00:56]  create mode 100644 data/_debug/run_and_push_20261009_140001.log
[2026-10-09 14:01:00] To https://github.com/grifflet365/DAM_SAITEN.git
[2026-10-09 14:01:00]    e511097..81483d1  main -> main
[2026-10-09 14:01:01] コミット&プッシュ完了: 採点データ更新 2026-10-09 14:00 JST (ローカル実行)
