[2026-10-08 19:47:30] git pull中...
[2026-10-08 19:47:31] Already up to date.
[2026-10-08 19:47:31] scrape_dam.py 実行中...
[2026-10-08 19:47:33] [2026-10-08 19:47:33] ログインページを取得中...
[2026-10-08 19:47:33] [2026-10-08 19:47:33] ログインPOSTを送信中...
[2026-10-08 19:47:33] [2026-10-08 19:47:33] ログイン成功。
[2026-10-08 19:47:33] [2026-10-08 19:47:33] cdmCardNo 取得済み (先頭6文字のみ表示: ODAwMD...)
[2026-10-08 19:47:33] [2026-10-08 19:47:33] 精密採点Ai のデータを取得中...
[2026-10-08 19:47:46] [2026-10-08 19:47:46] 精密採点Ai: 200件 取得
[2026-10-08 19:47:46] [2026-10-08 19:47:46] 精密採点DX-G のデータを取得中...
[2026-10-08 19:48:00] [2026-10-08 19:48:00] 精密採点DX-G: 200件 取得
[2026-10-08 19:48:00] [2026-10-08 19:48:00] 精密採点Ai Heart を試行中: GetScoringHeartsListXML.do
[2026-10-08 19:48:14] [2026-10-08 19:48:14] 精密採点Ai Heart: GetScoringHeartsListXML.do で 200件 取得成功
[2026-10-08 19:48:14] [2026-10-08 19:48:14] ai: 累計 1046件 (今回 +69件)
[2026-10-08 19:48:14] [2026-10-08 19:48:14] ai: 69曲分の詳細を取得します...
[2026-10-08 19:48:30] [2026-10-08 19:48:30] ai: 詳細取得 成功69件 / 失敗0件
[2026-10-08 19:48:30] [2026-10-08 19:48:30] dxg: 累計 206件 (今回 +0件)
[2026-10-08 19:48:30] [2026-10-08 19:48:30] dxg: 詳細取得が必要な曲はありません
[2026-10-08 19:48:30] [2026-10-08 19:48:30] hearts: 累計 436件 (今回 +0件)
[2026-10-08 19:48:30] [2026-10-08 19:48:30] hearts: 詳細取得が必要な曲はありません
[2026-10-08 19:48:30] [2026-10-08 19:48:30] 原曲キー: 2曲分を取得します...
[2026-10-08 19:48:31] [2026-10-08 19:48:31] 原曲キー: 取得 成功2件 / 取得不可0件
[2026-10-08 19:48:31] [2026-10-08 19:48:31] 完了: {"ai": {"total": 1046, "added": 69, "detailFetched": 69}, "dxg": {"total": 206, "added": 0, "detailFetched": 0}, "hearts": {"total": 436, "added": 0, "detailFetched": 0}}
[2026-10-08 19:48:32] レパートリー更新中...
[2026-10-08 19:48:32] repertoire.json: 223曲 (未分類 1曲)
