[2026-09-30 02:00:02] git pull中...
[2026-09-30 02:00:04] Already up to date.
[2026-09-30 02:00:04] scrape_dam.py 実行中...
[2026-09-30 02:00:05] [2026-09-30 02:00:05] ログインページを取得中...
[2026-09-30 02:00:06] [2026-09-30 02:00:06] ログインPOSTを送信中...
[2026-09-30 02:00:07] [2026-09-30 02:00:07] ログイン成功。
[2026-09-30 02:00:07] [2026-09-30 02:00:07] cdmCardNo 取得済み (先頭6文字のみ表示: ODAwMD...)
[2026-09-30 02:00:07] [2026-09-30 02:00:07] 精密採点Ai のデータを取得中...
[2026-09-30 02:00:24] [2026-09-30 02:00:24] 精密採点Ai: 200件 取得
[2026-09-30 02:00:24] [2026-09-30 02:00:24] 精密採点DX-G のデータを取得中...
[2026-09-30 02:00:37] [2026-09-30 02:00:37] 精密採点DX-G: 200件 取得
[2026-09-30 02:00:37] [2026-09-30 02:00:37] 精密採点Ai Heart を試行中: GetScoringHeartsListXML.do
[2026-09-30 02:00:51] [2026-09-30 02:00:51] 精密採点Ai Heart: GetScoringHeartsListXML.do で 200件 取得成功
[2026-09-30 02:00:51] [2026-09-30 02:00:51] ai: 累計 876件 (今回 +0件)
[2026-09-30 02:00:51] [2026-09-30 02:00:51] ai: 詳細取得が必要な曲はありません
[2026-09-30 02:00:51] [2026-09-30 02:00:51] dxg: 累計 206件 (今回 +0件)
[2026-09-30 02:00:51] [2026-09-30 02:00:51] dxg: 詳細取得が必要な曲はありません
[2026-09-30 02:00:51] [2026-09-30 02:00:51] hearts: 累計 408件 (今回 +0件)
[2026-09-30 02:00:51] [2026-09-30 02:00:51] hearts: 詳細取得が必要な曲はありません
[2026-09-30 02:00:51] [2026-09-30 02:00:51] 原曲キー: 新規取得が必要な曲はありません
[2026-09-30 02:00:52] [2026-09-30 02:00:52] 完了: {"ai": {"total": 876, "added": 0, "detailFetched": 0}, "dxg": {"total": 206, "added": 0, "detailFetched": 0}, "hearts": {"total": 408, "added": 0, "detailFetched": 0}}
