[2026-09-28 20:30:13] git pull中...
[2026-09-28 20:30:14] Already up to date.
[2026-09-28 20:30:14] scrape_dam.py 実行中...
[2026-09-28 20:30:15] [2026-09-28 20:30:15] ログインページを取得中...
[2026-09-28 20:30:15] [2026-09-28 20:30:15] ログインPOSTを送信中...
[2026-09-28 20:30:16] [2026-09-28 20:30:16] ログイン成功。
[2026-09-28 20:30:16] [2026-09-28 20:30:16] cdmCardNo 取得済み (先頭6文字のみ表示: ODAwMD...)
[2026-09-28 20:30:16] [2026-09-28 20:30:16] 精密採点Ai のデータを取得中...
[2026-09-28 20:30:29] [2026-09-28 20:30:29] 精密採点Ai: 200件 取得
[2026-09-28 20:30:29] [2026-09-28 20:30:29] 精密採点DX-G のデータを取得中...
[2026-09-28 20:30:42] [2026-09-28 20:30:42] 精密採点DX-G: 200件 取得
[2026-09-28 20:30:42] [2026-09-28 20:30:42] 精密採点Ai Heart を試行中: GetScoringHeartsListXML.do
[2026-09-28 20:30:56] [2026-09-28 20:30:56] 精密採点Ai Heart: GetScoringHeartsListXML.do で 200件 取得成功
[2026-09-28 20:30:56] [2026-09-28 20:30:56] ai: 累計 876件 (今回 +0件)
[2026-09-28 20:30:56] [2026-09-28 20:30:56] ai: 詳細取得が必要な曲はありません
[2026-09-28 20:30:57] [2026-09-28 20:30:57] dxg: 累計 206件 (今回 +0件)
[2026-09-28 20:30:57] [2026-09-28 20:30:57] dxg: 詳細取得が必要な曲はありません
[2026-09-28 20:30:57] [2026-09-28 20:30:57] hearts: 累計 408件 (今回 +0件)
[2026-09-28 20:30:57] [2026-09-28 20:30:57] hearts: 詳細取得が必要な曲はありません
[2026-09-28 20:30:57] [2026-09-28 20:30:57] 原曲キー: 新規取得が必要な曲はありません
[2026-09-28 20:30:57] [2026-09-28 20:30:57] 完了: {"ai": {"total": 876, "added": 0, "detailFetched": 0}, "dxg": {"total": 206, "added": 0, "detailFetched": 0}, "hearts": {"total": 408, "added": 0, "detailFetched": 0}}
