[2026-10-04 19:17:27] git pull中...
[2026-10-04 19:17:28] Already up to date.
[2026-10-04 19:17:28] scrape_dam.py 実行中...
[2026-10-04 19:17:30] [2026-10-04 19:17:30] ログインページを取得中...
[2026-10-04 19:17:30] [2026-10-04 19:17:30] ログインPOSTを送信中...
[2026-10-04 19:17:30] [2026-10-04 19:17:30] ログイン成功。
[2026-10-04 19:17:30] [2026-10-04 19:17:30] cdmCardNo 取得済み (先頭6文字のみ表示: ODAwMD...)
[2026-10-04 19:17:30] [2026-10-04 19:17:30] 精密採点Ai のデータを取得中...
[2026-10-04 19:17:44] [2026-10-04 19:17:44] 精密採点Ai: 200件 取得
[2026-10-04 19:17:44] [2026-10-04 19:17:44] 精密採点DX-G のデータを取得中...
[2026-10-04 19:17:57] [2026-10-04 19:17:57] 精密採点DX-G: 200件 取得
[2026-10-04 19:17:57] [2026-10-04 19:17:57] 精密採点Ai Heart を試行中: GetScoringHeartsListXML.do
[2026-10-04 19:18:12] [2026-10-04 19:18:12] 精密採点Ai Heart: GetScoringHeartsListXML.do で 200件 取得成功
[2026-10-04 19:18:12] [2026-10-04 19:18:12] ai: 累計 945件 (今回 +0件)
[2026-10-04 19:18:12] [2026-10-04 19:18:12] ai: 詳細取得が必要な曲はありません
[2026-10-04 19:18:12] [2026-10-04 19:18:12] dxg: 累計 206件 (今回 +0件)
[2026-10-04 19:18:12] [2026-10-04 19:18:12] dxg: 詳細取得が必要な曲はありません
[2026-10-04 19:18:12] [2026-10-04 19:18:12] hearts: 累計 436件 (今回 +0件)
[2026-10-04 19:18:12] [2026-10-04 19:18:12] hearts: 詳細取得が必要な曲はありません
[2026-10-04 19:18:12] [2026-10-04 19:18:12] 原曲キー: 新規取得が必要な曲はありません
[2026-10-04 19:18:12] [2026-10-04 19:18:12] 完了: {"ai": {"total": 945, "added": 0, "detailFetched": 0}, "dxg": {"total": 206, "added": 0, "detailFetched": 0}, "hearts": {"total": 436, "added": 0, "detailFetched": 0}}
[2026-10-04 19:18:12] レパートリー更新中...
[2026-10-04 19:18:13] repertoire.json: 222曲 (未分類 0曲)
