[2026-10-01 14:00:02] git pull中...
[2026-10-01 14:00:04] Already up to date.
[2026-10-01 14:00:04] scrape_dam.py 実行中...
[2026-10-01 14:00:04] [2026-10-01 14:00:04] ログインページを取得中...
[2026-10-01 14:00:04] [2026-10-01 14:00:04] ログインPOSTを送信中...
[2026-10-01 14:00:05] [2026-10-01 14:00:05] ログイン成功。
[2026-10-01 14:00:05] [2026-10-01 14:00:05] cdmCardNo 取得済み (先頭6文字のみ表示: ODAwMD...)
[2026-10-01 14:00:05] [2026-10-01 14:00:05] 精密採点Ai のデータを取得中...
[2026-10-01 14:00:18] [2026-10-01 14:00:18] 精密採点Ai: 200件 取得
[2026-10-01 14:00:18] [2026-10-01 14:00:18] 精密採点DX-G のデータを取得中...
[2026-10-01 14:00:31] [2026-10-01 14:00:31] 精密採点DX-G: 200件 取得
[2026-10-01 14:00:31] [2026-10-01 14:00:31] 精密採点Ai Heart を試行中: GetScoringHeartsListXML.do
[2026-10-01 14:00:45] [2026-10-01 14:00:45] 精密採点Ai Heart: GetScoringHeartsListXML.do で 200件 取得成功
[2026-10-01 14:00:45] [2026-10-01 14:00:45] ai: 累計 896件 (今回 +20件)
[2026-10-01 14:00:45] [2026-10-01 14:00:45] ai: 20曲分の詳細を取得します...
[2026-10-01 14:00:50] [2026-10-01 14:00:50] ai: 詳細取得 成功20件 / 失敗0件
[2026-10-01 14:00:50] [2026-10-01 14:00:50] dxg: 累計 206件 (今回 +0件)
[2026-10-01 14:00:50] [2026-10-01 14:00:50] dxg: 詳細取得が必要な曲はありません
[2026-10-01 14:00:50] [2026-10-01 14:00:50] hearts: 累計 408件 (今回 +0件)
[2026-10-01 14:00:50] [2026-10-01 14:00:50] hearts: 詳細取得が必要な曲はありません
[2026-10-01 14:00:50] [2026-10-01 14:00:50] 原曲キー: 1曲分を取得します...
[2026-10-01 14:00:51] [2026-10-01 14:00:51] 原曲キー: 取得 成功1件 / 取得不可0件
[2026-10-01 14:00:51] [2026-10-01 14:00:51] 完了: {"ai": {"total": 896, "added": 20, "detailFetched": 20}, "dxg": {"total": 206, "added": 0, "detailFetched": 0}, "hearts": {"total": 408, "added": 0, "detailFetched": 0}}
