[2026-10-07 14:37:26] git pull中...
[2026-10-07 14:37:27] Already up to date.
[2026-10-07 14:37:27] scrape_dam.py 実行中...
[2026-10-07 14:37:28] [2026-10-07 14:37:28] ログインページを取得中...
[2026-10-07 14:37:28] [2026-10-07 14:37:28] ログインPOSTを送信中...
[2026-10-07 14:37:29] [2026-10-07 14:37:29] ログイン成功。
[2026-10-07 14:37:29] [2026-10-07 14:37:29] cdmCardNo 取得済み (先頭6文字のみ表示: ODAwMD...)
[2026-10-07 14:37:29] [2026-10-07 14:37:29] 精密採点Ai のデータを取得中...
[2026-10-07 14:37:42] [2026-10-07 14:37:42] 精密採点Ai: 200件 取得
[2026-10-07 14:37:42] [2026-10-07 14:37:42] 精密採点DX-G のデータを取得中...
[2026-10-07 14:37:56] [2026-10-07 14:37:56] 精密採点DX-G: 200件 取得
[2026-10-07 14:37:56] [2026-10-07 14:37:56] 精密採点Ai Heart を試行中: GetScoringHeartsListXML.do
[2026-10-07 14:38:10] [2026-10-07 14:38:10] 精密採点Ai Heart: GetScoringHeartsListXML.do で 200件 取得成功
[2026-10-07 14:38:10] [2026-10-07 14:38:10] ai: 累計 977件 (今回 +32件)
[2026-10-07 14:38:10] [2026-10-07 14:38:10] ai: 32曲分の詳細を取得します...
[2026-10-07 14:38:17] [2026-10-07 14:38:17] ai: 詳細取得 成功32件 / 失敗0件
[2026-10-07 14:38:17] [2026-10-07 14:38:17] dxg: 累計 206件 (今回 +0件)
[2026-10-07 14:38:17] [2026-10-07 14:38:17] dxg: 詳細取得が必要な曲はありません
[2026-10-07 14:38:17] [2026-10-07 14:38:17] hearts: 累計 436件 (今回 +0件)
[2026-10-07 14:38:17] [2026-10-07 14:38:17] hearts: 詳細取得が必要な曲はありません
[2026-10-07 14:38:17] [2026-10-07 14:38:17] 原曲キー: 新規取得が必要な曲はありません
[2026-10-07 14:38:18] [2026-10-07 14:38:18] 完了: {"ai": {"total": 977, "added": 32, "detailFetched": 32}, "dxg": {"total": 206, "added": 0, "detailFetched": 0}, "hearts": {"total": 436, "added": 0, "detailFetched": 0}}
[2026-10-07 14:38:18] レパートリー更新中...
[2026-10-07 14:38:19] repertoire.json: 222曲 (未分類 0曲)
