[2026-10-05 02:00:02] git pull中...
[2026-10-05 02:00:04] Already up to date.
[2026-10-05 02:00:04] scrape_dam.py 実行中...
[2026-10-05 02:00:05] [2026-10-05 02:00:05] ログインページを取得中...
[2026-10-05 02:00:06] [2026-10-05 02:00:06] ログインPOSTを送信中...
[2026-10-05 02:00:06] [2026-10-05 02:00:06] ログイン成功。
[2026-10-05 02:00:06] [2026-10-05 02:00:06] cdmCardNo 取得済み (先頭6文字のみ表示: ODAwMD...)
[2026-10-05 02:00:06] [2026-10-05 02:00:06] 精密採点Ai のデータを取得中...
[2026-10-05 02:00:21] [2026-10-05 02:00:21] 精密採点Ai: 200件 取得
[2026-10-05 02:00:21] [2026-10-05 02:00:21] 精密採点DX-G のデータを取得中...
[2026-10-05 02:00:42] [2026-10-05 02:00:42] 精密採点DX-G: 200件 取得
[2026-10-05 02:00:42] [2026-10-05 02:00:42] 精密採点Ai Heart を試行中: GetScoringHeartsListXML.do
[2026-10-05 02:00:56] [2026-10-05 02:00:56] 精密採点Ai Heart: GetScoringHeartsListXML.do で 200件 取得成功
[2026-10-05 02:00:56] [2026-10-05 02:00:56] ai: 累計 945件 (今回 +0件)
[2026-10-05 02:00:56] [2026-10-05 02:00:56] ai: 詳細取得が必要な曲はありません
[2026-10-05 02:00:56] [2026-10-05 02:00:56] dxg: 累計 206件 (今回 +0件)
[2026-10-05 02:00:56] [2026-10-05 02:00:56] dxg: 詳細取得が必要な曲はありません
[2026-10-05 02:00:56] [2026-10-05 02:00:56] hearts: 累計 436件 (今回 +0件)
[2026-10-05 02:00:56] [2026-10-05 02:00:56] hearts: 詳細取得が必要な曲はありません
[2026-10-05 02:00:56] [2026-10-05 02:00:56] 原曲キー: 新規取得が必要な曲はありません
[2026-10-05 02:00:56] [2026-10-05 02:00:56] 完了: {"ai": {"total": 945, "added": 0, "detailFetched": 0}, "dxg": {"total": 206, "added": 0, "detailFetched": 0}, "hearts": {"total": 436, "added": 0, "detailFetched": 0}}
[2026-10-05 02:00:56] レパートリー更新中...
[2026-10-05 02:00:57] repertoire.json: 222曲 (未分類 0曲)
[2026-10-05 02:00:57] [main 51f32b8] 謗｡轤ｹ繝・・繧ｿ譖ｴ譁ｰ 2026-10-05 02:00 JST (繝ｭ繝ｼ繧ｫ繝ｫ螳溯｡・
[2026-10-05 02:00:57]  4 files changed, 31 insertions(+), 2 deletions(-)
[2026-10-05 02:00:57]  create mode 100644 data/_debug/run_and_push_20261005_020002.log
[2026-10-05 02:01:01] To https://github.com/grifflet365/DAM_SAITEN.git
[2026-10-05 02:01:01]    1257197..51f32b8  main -> main
[2026-10-05 02:01:01] コミット&プッシュ完了: 採点データ更新 2026-10-05 02:00 JST (ローカル実行)
