[2026-10-02 14:00:02] git pull中...
[2026-10-02 14:00:03] Already up to date.
[2026-10-02 14:00:03] scrape_dam.py 実行中...
[2026-10-02 14:00:04] [2026-10-02 14:00:04] ログインページを取得中...
[2026-10-02 14:00:05] [2026-10-02 14:00:05] ログインPOSTを送信中...
[2026-10-02 14:00:05] [2026-10-02 14:00:05] ログイン成功。
[2026-10-02 14:00:05] [2026-10-02 14:00:05] cdmCardNo 取得済み (先頭6文字のみ表示: ODAwMD...)
[2026-10-02 14:00:05] [2026-10-02 14:00:05] 精密採点Ai のデータを取得中...
[2026-10-02 14:00:19] [2026-10-02 14:00:19] 精密採点Ai: 200件 取得
[2026-10-02 14:00:19] [2026-10-02 14:00:19] 精密採点DX-G のデータを取得中...
[2026-10-02 14:00:32] [2026-10-02 14:00:32] 精密採点DX-G: 200件 取得
[2026-10-02 14:00:32] [2026-10-02 14:00:32] 精密採点Ai Heart を試行中: GetScoringHeartsListXML.do
[2026-10-02 14:00:47] [2026-10-02 14:00:47] 精密採点Ai Heart: GetScoringHeartsListXML.do で 200件 取得成功
[2026-10-02 14:00:47] [2026-10-02 14:00:47] ai: 累計 926件 (今回 +30件)
[2026-10-02 14:00:47] [2026-10-02 14:00:47] ai: 30曲分の詳細を取得します...
[2026-10-02 14:00:54] [2026-10-02 14:00:54] ai: 詳細取得 成功30件 / 失敗0件
[2026-10-02 14:00:54] [2026-10-02 14:00:54] dxg: 累計 206件 (今回 +0件)
[2026-10-02 14:00:54] [2026-10-02 14:00:54] dxg: 詳細取得が必要な曲はありません
[2026-10-02 14:00:54] [2026-10-02 14:00:54] hearts: 累計 408件 (今回 +0件)
[2026-10-02 14:00:54] [2026-10-02 14:00:54] hearts: 詳細取得が必要な曲はありません
[2026-10-02 14:00:54] [2026-10-02 14:00:54] 原曲キー: 6曲分を取得します...
[2026-10-02 14:00:56] [2026-10-02 14:00:56] 原曲キー: 取得 成功6件 / 取得不可0件
[2026-10-02 14:00:56] [2026-10-02 14:00:56] 完了: {"ai": {"total": 926, "added": 30, "detailFetched": 30}, "dxg": {"total": 206, "added": 0, "detailFetched": 0}, "hearts": {"total": 408, "added": 0, "detailFetched": 0}}
