[2026-09-30 14:00:02] git pull中...
[2026-09-30 14:00:04] Already up to date.
[2026-09-30 14:00:04] scrape_dam.py 実行中...
[2026-09-30 14:00:06] [2026-09-30 14:00:06] ログインページを取得中...
[2026-09-30 14:00:06] [2026-09-30 14:00:06] ログインPOSTを送信中...
[2026-09-30 14:00:06] [2026-09-30 14:00:06] ログイン成功。
[2026-09-30 14:00:06] [2026-09-30 14:00:06] cdmCardNo 取得済み (先頭6文字のみ表示: ODAwMD...)
[2026-09-30 14:00:06] [2026-09-30 14:00:06] 精密採点Ai のデータを取得中...
[2026-09-30 14:00:20] [2026-09-30 14:00:20] 精密採点Ai: 200件 取得
[2026-09-30 14:00:20] [2026-09-30 14:00:20] 精密採点DX-G のデータを取得中...
[2026-09-30 14:00:33] [2026-09-30 14:00:33] 精密採点DX-G: 200件 取得
[2026-09-30 14:00:33] [2026-09-30 14:00:33] 精密採点Ai Heart を試行中: GetScoringHeartsListXML.do
[2026-09-30 14:00:47] [2026-09-30 14:00:47] 精密採点Ai Heart: GetScoringHeartsListXML.do で 200件 取得成功
[2026-09-30 14:00:47] [2026-09-30 14:00:47] ai: 累計 876件 (今回 +0件)
[2026-09-30 14:00:47] [2026-09-30 14:00:47] ai: 詳細取得が必要な曲はありません
[2026-09-30 14:00:47] [2026-09-30 14:00:47] dxg: 累計 206件 (今回 +0件)
[2026-09-30 14:00:47] [2026-09-30 14:00:47] dxg: 詳細取得が必要な曲はありません
[2026-09-30 14:00:47] [2026-09-30 14:00:47] hearts: 累計 408件 (今回 +0件)
[2026-09-30 14:00:47] [2026-09-30 14:00:47] hearts: 詳細取得が必要な曲はありません
[2026-09-30 14:00:48] [2026-09-30 14:00:48] 原曲キー: 新規取得が必要な曲はありません
[2026-09-30 14:00:48] [2026-09-30 14:00:48] 完了: {"ai": {"total": 876, "added": 0, "detailFetched": 0}, "dxg": {"total": 206, "added": 0, "detailFetched": 0}, "hearts": {"total": 408, "added": 0, "detailFetched": 0}}
[2026-09-30 14:00:49] [main 3a2bfff] 謗｡轤ｹ繝・・繧ｿ譖ｴ譁ｰ 2026-09-30 14:00 JST (繝ｭ繝ｼ繧ｫ繝ｫ螳溯｡・
[2026-09-30 14:00:49]  3 files changed, 28 insertions(+), 1 deletion(-)
[2026-09-30 14:00:49]  create mode 100644 data/_debug/run_and_push_20260930_140002.log
[2026-09-30 14:00:52] To https://github.com/grifflet365/DAM_SAITEN.git
[2026-09-30 14:00:52]    2fd3d52..3a2bfff  main -> main
[2026-09-30 14:00:52] コミット&プッシュ完了: 採点データ更新 2026-09-30 14:00 JST (ローカル実行)
