[2026-10-03 01:26:20] git pull中...
[2026-10-03 01:26:21] Already up to date.
[2026-10-03 01:26:21] scrape_dam.py 実行中...
[2026-10-03 01:26:22] [2026-10-03 01:26:22] ログインページを取得中...
[2026-10-03 01:26:22] [2026-10-03 01:26:22] ログインPOSTを送信中...
[2026-10-03 01:26:23] [2026-10-03 01:26:23] ログイン成功。
[2026-10-03 01:26:23] [2026-10-03 01:26:23] cdmCardNo 取得済み (先頭6文字のみ表示: ODAwMD...)
[2026-10-03 01:26:23] [2026-10-03 01:26:23] 精密採点Ai のデータを取得中...
[2026-10-03 01:26:36] [2026-10-03 01:26:36] 精密採点Ai: 200件 取得
[2026-10-03 01:26:36] [2026-10-03 01:26:36] 精密採点DX-G のデータを取得中...
[2026-10-03 01:26:49] [2026-10-03 01:26:49] 精密採点DX-G: 200件 取得
[2026-10-03 01:26:49] [2026-10-03 01:26:49] 精密採点Ai Heart を試行中: GetScoringHeartsListXML.do
[2026-10-03 01:27:03] [2026-10-03 01:27:03] 精密採点Ai Heart: GetScoringHeartsListXML.do で 200件 取得成功
[2026-10-03 01:27:03] [2026-10-03 01:27:03] ai: 累計 945件 (今回 +19件)
[2026-10-03 01:27:03] [2026-10-03 01:27:03] ai: 19曲分の詳細を取得します...
[2026-10-03 01:27:08] [2026-10-03 01:27:08] ai: 詳細取得 成功19件 / 失敗0件
[2026-10-03 01:27:08] [2026-10-03 01:27:08] dxg: 累計 206件 (今回 +0件)
[2026-10-03 01:27:08] [2026-10-03 01:27:08] dxg: 詳細取得が必要な曲はありません
[2026-10-03 01:27:08] [2026-10-03 01:27:08] hearts: 累計 408件 (今回 +0件)
[2026-10-03 01:27:08] [2026-10-03 01:27:08] hearts: 詳細取得が必要な曲はありません
[2026-10-03 01:27:08] [2026-10-03 01:27:08] 原曲キー: 新規取得が必要な曲はありません
[2026-10-03 01:27:09] [2026-10-03 01:27:09] 完了: {"ai": {"total": 945, "added": 19, "detailFetched": 19}, "dxg": {"total": 206, "added": 0, "detailFetched": 0}, "hearts": {"total": 408, "added": 0, "detailFetched": 0}}
