[2026-10-09 02:00:02] git pull中...
[2026-10-09 02:00:03] Already up to date.
[2026-10-09 02:00:03] scrape_dam.py 実行中...
[2026-10-09 02:00:05] [2026-10-09 02:00:05] ログインページを取得中...
[2026-10-09 02:00:05] [2026-10-09 02:00:05] ログインPOSTを送信中...
[2026-10-09 02:00:06] [2026-10-09 02:00:06] ログイン成功。
[2026-10-09 02:00:06] [2026-10-09 02:00:06] cdmCardNo 取得済み (先頭6文字のみ表示: ODAwMD...)
[2026-10-09 02:00:06] [2026-10-09 02:00:06] 精密採点Ai のデータを取得中...
[2026-10-09 02:00:19] [2026-10-09 02:00:19] 精密採点Ai: 200件 取得
[2026-10-09 02:00:19] [2026-10-09 02:00:19] 精密採点DX-G のデータを取得中...
[2026-10-09 02:00:33] [2026-10-09 02:00:33] 精密採点DX-G: 200件 取得
[2026-10-09 02:00:33] [2026-10-09 02:00:33] 精密採点Ai Heart を試行中: GetScoringHeartsListXML.do
[2026-10-09 02:00:47] [2026-10-09 02:00:47] 精密採点Ai Heart: GetScoringHeartsListXML.do で 200件 取得成功
[2026-10-09 02:00:47] [2026-10-09 02:00:47] ai: 累計 1046件 (今回 +0件)
[2026-10-09 02:00:47] [2026-10-09 02:00:47] ai: 詳細取得が必要な曲はありません
[2026-10-09 02:00:47] [2026-10-09 02:00:47] dxg: 累計 206件 (今回 +0件)
[2026-10-09 02:00:47] [2026-10-09 02:00:47] dxg: 詳細取得が必要な曲はありません
[2026-10-09 02:00:47] [2026-10-09 02:00:47] hearts: 累計 436件 (今回 +0件)
[2026-10-09 02:00:47] [2026-10-09 02:00:47] hearts: 詳細取得が必要な曲はありません
[2026-10-09 02:00:47] [2026-10-09 02:00:47] 原曲キー: 新規取得が必要な曲はありません
[2026-10-09 02:00:47] [2026-10-09 02:00:47] 完了: {"ai": {"total": 1046, "added": 0, "detailFetched": 0}, "dxg": {"total": 206, "added": 0, "detailFetched": 0}, "hearts": {"total": 436, "added": 0, "detailFetched": 0}}
[2026-10-09 02:00:47] レパートリー更新中...
[2026-10-09 02:00:48] repertoire.json: 223曲 (未分類 1曲)
[2026-10-09 02:00:49] [main e511097] 謗｡轤ｹ繝・・繧ｿ譖ｴ譁ｰ 2026-10-09 02:00 JST (繝ｭ繝ｼ繧ｫ繝ｫ螳溯｡・
[2026-10-09 02:00:49]  4 files changed, 31 insertions(+), 2 deletions(-)
[2026-10-09 02:00:49]  create mode 100644 data/_debug/run_and_push_20261009_020002.log
[2026-10-09 02:00:53] To https://github.com/grifflet365/DAM_SAITEN.git
[2026-10-09 02:00:53]    bafca44..e511097  main -> main
[2026-10-09 02:00:53] コミット&プッシュ完了: 採点データ更新 2026-10-09 02:00 JST (ローカル実行)
