[2026-09-29 02:00:01] git pull中...
[2026-09-29 02:00:02] Already up to date.
[2026-09-29 02:00:02] scrape_dam.py 実行中...
[2026-09-29 02:00:04] [2026-09-29 02:00:04] ログインページを取得中...
[2026-09-29 02:00:05] [2026-09-29 02:00:05] ログインPOSTを送信中...
[2026-09-29 02:00:06] [2026-09-29 02:00:06] ログイン成功。
[2026-09-29 02:00:06] [2026-09-29 02:00:06] cdmCardNo 取得済み (先頭6文字のみ表示: ODAwMD...)
[2026-09-29 02:00:06] [2026-09-29 02:00:06] 精密採点Ai のデータを取得中...
[2026-09-29 02:00:19] [2026-09-29 02:00:19] 精密採点Ai: 200件 取得
[2026-09-29 02:00:19] [2026-09-29 02:00:19] 精密採点DX-G のデータを取得中...
[2026-09-29 02:00:34] [2026-09-29 02:00:34] 精密採点DX-G: 200件 取得
[2026-09-29 02:00:34] [2026-09-29 02:00:34] 精密採点Ai Heart を試行中: GetScoringHeartsListXML.do
[2026-09-29 02:00:48] [2026-09-29 02:00:48] 精密採点Ai Heart: GetScoringHeartsListXML.do で 200件 取得成功
[2026-09-29 02:00:48] [2026-09-29 02:00:48] ai: 累計 876件 (今回 +0件)
[2026-09-29 02:00:48] [2026-09-29 02:00:48] ai: 詳細取得が必要な曲はありません
[2026-09-29 02:00:48] [2026-09-29 02:00:48] dxg: 累計 206件 (今回 +0件)
[2026-09-29 02:00:48] [2026-09-29 02:00:48] dxg: 詳細取得が必要な曲はありません
[2026-09-29 02:00:49] [2026-09-29 02:00:49] hearts: 累計 408件 (今回 +0件)
[2026-09-29 02:00:49] [2026-09-29 02:00:49] hearts: 詳細取得が必要な曲はありません
[2026-09-29 02:00:49] [2026-09-29 02:00:49] 原曲キー: 新規取得が必要な曲はありません
[2026-09-29 02:00:49] [2026-09-29 02:00:49] 完了: {"ai": {"total": 876, "added": 0, "detailFetched": 0}, "dxg": {"total": 206, "added": 0, "detailFetched": 0}, "hearts": {"total": 408, "added": 0, "detailFetched": 0}}
