[2026-10-08 02:00:02] git pull中...
[2026-10-08 02:00:04] Already up to date.
[2026-10-08 02:00:04] scrape_dam.py 実行中...
[2026-10-08 02:00:05] [2026-10-08 02:00:05] ログインページを取得中...
[2026-10-08 02:00:05] [2026-10-08 02:00:05] ログインPOSTを送信中...
[2026-10-08 02:00:07] [2026-10-08 02:00:07] ログイン成功。
[2026-10-08 02:00:07] [2026-10-08 02:00:07] cdmCardNo 取得済み (先頭6文字のみ表示: ODAwMD...)
[2026-10-08 02:00:07] [2026-10-08 02:00:07] 精密採点Ai のデータを取得中...
[2026-10-08 02:00:20] [2026-10-08 02:00:20] 精密採点Ai: 200件 取得
[2026-10-08 02:00:20] [2026-10-08 02:00:20] 精密採点DX-G のデータを取得中...
[2026-10-08 02:00:34] [2026-10-08 02:00:34] 精密採点DX-G: 200件 取得
[2026-10-08 02:00:34] [2026-10-08 02:00:34] 精密採点Ai Heart を試行中: GetScoringHeartsListXML.do
[2026-10-08 02:00:47] [2026-10-08 02:00:47] 精密採点Ai Heart: GetScoringHeartsListXML.do で 200件 取得成功
[2026-10-08 02:00:48] [2026-10-08 02:00:48] ai: 累計 977件 (今回 +0件)
[2026-10-08 02:00:48] [2026-10-08 02:00:48] ai: 詳細取得が必要な曲はありません
[2026-10-08 02:00:48] [2026-10-08 02:00:48] dxg: 累計 206件 (今回 +0件)
[2026-10-08 02:00:48] [2026-10-08 02:00:48] dxg: 詳細取得が必要な曲はありません
[2026-10-08 02:00:48] [2026-10-08 02:00:48] hearts: 累計 436件 (今回 +0件)
[2026-10-08 02:00:48] [2026-10-08 02:00:48] hearts: 詳細取得が必要な曲はありません
[2026-10-08 02:00:48] [2026-10-08 02:00:48] 原曲キー: 新規取得が必要な曲はありません
[2026-10-08 02:00:48] [2026-10-08 02:00:48] 完了: {"ai": {"total": 977, "added": 0, "detailFetched": 0}, "dxg": {"total": 206, "added": 0, "detailFetched": 0}, "hearts": {"total": 436, "added": 0, "detailFetched": 0}}
[2026-10-08 02:00:48] レパートリー更新中...
[2026-10-08 02:00:49] repertoire.json: 222曲 (未分類 0曲)
