[2026-10-03 14:00:01] git pull中...
[2026-10-03 14:00:02] Already up to date.
[2026-10-03 14:00:02] scrape_dam.py 実行中...
[2026-10-03 14:00:03] [2026-10-03 14:00:03] ログインページを取得中...
[2026-10-03 14:00:03] [2026-10-03 14:00:03] ログインPOSTを送信中...
[2026-10-03 14:00:04] [2026-10-03 14:00:04] ログイン成功。
[2026-10-03 14:00:04] [2026-10-03 14:00:04] cdmCardNo 取得済み (先頭6文字のみ表示: ODAwMD...)
[2026-10-03 14:00:04] [2026-10-03 14:00:04] 精密採点Ai のデータを取得中...
[2026-10-03 14:00:17] [2026-10-03 14:00:17] 精密採点Ai: 200件 取得
[2026-10-03 14:00:17] [2026-10-03 14:00:17] 精密採点DX-G のデータを取得中...
[2026-10-03 14:00:31] [2026-10-03 14:00:31] 精密採点DX-G: 200件 取得
[2026-10-03 14:00:31] [2026-10-03 14:00:31] 精密採点Ai Heart を試行中: GetScoringHeartsListXML.do
[2026-10-03 14:00:45] [2026-10-03 14:00:45] 精密採点Ai Heart: GetScoringHeartsListXML.do で 200件 取得成功
[2026-10-03 14:00:45] [2026-10-03 14:00:45] ai: 累計 945件 (今回 +0件)
[2026-10-03 14:00:45] [2026-10-03 14:00:45] ai: 詳細取得が必要な曲はありません
[2026-10-03 14:00:45] [2026-10-03 14:00:45] dxg: 累計 206件 (今回 +0件)
[2026-10-03 14:00:45] [2026-10-03 14:00:45] dxg: 詳細取得が必要な曲はありません
[2026-10-03 14:00:45] [2026-10-03 14:00:45] hearts: 累計 436件 (今回 +28件)
[2026-10-03 14:00:45] [2026-10-03 14:00:45] hearts: 28曲分の詳細を取得します...
[2026-10-03 14:00:52] [2026-10-03 14:00:52] hearts: 詳細取得 成功28件 / 失敗0件
[2026-10-03 14:00:52] [2026-10-03 14:00:52] 原曲キー: 新規取得が必要な曲はありません
[2026-10-03 14:00:52] [2026-10-03 14:00:52] 完了: {"ai": {"total": 945, "added": 0, "detailFetched": 0}, "dxg": {"total": 206, "added": 0, "detailFetched": 0}, "hearts": {"total": 436, "added": 28, "detailFetched": 28}}
