[2026-10-01 02:00:02] git pull中...
[2026-10-01 02:00:05] Already up to date.
[2026-10-01 02:00:05] scrape_dam.py 実行中...
[2026-10-01 02:00:07] [2026-10-01 02:00:07] ログインページを取得中...
[2026-10-01 02:00:07] [2026-10-01 02:00:07] ログインPOSTを送信中...
[2026-10-01 02:00:09] [2026-10-01 02:00:09] ログイン成功。
[2026-10-01 02:00:09] [2026-10-01 02:00:09] cdmCardNo 取得済み (先頭6文字のみ表示: ODAwMD...)
[2026-10-01 02:00:09] [2026-10-01 02:00:09] 精密採点Ai のデータを取得中...
[2026-10-01 02:00:23] [2026-10-01 02:00:23] 精密採点Ai: 200件 取得
[2026-10-01 02:00:23] [2026-10-01 02:00:23] 精密採点DX-G のデータを取得中...
[2026-10-01 02:00:36] [2026-10-01 02:00:36] 精密採点DX-G: 200件 取得
[2026-10-01 02:00:36] [2026-10-01 02:00:36] 精密採点Ai Heart を試行中: GetScoringHeartsListXML.do
[2026-10-01 02:00:54] [2026-10-01 02:00:54] 精密採点Ai Heart: GetScoringHeartsListXML.do で 200件 取得成功
[2026-10-01 02:00:54] [2026-10-01 02:00:54] ai: 累計 876件 (今回 +0件)
[2026-10-01 02:00:54] [2026-10-01 02:00:54] ai: 詳細取得が必要な曲はありません
[2026-10-01 02:00:54] [2026-10-01 02:00:54] dxg: 累計 206件 (今回 +0件)
[2026-10-01 02:00:54] [2026-10-01 02:00:54] dxg: 詳細取得が必要な曲はありません
[2026-10-01 02:00:54] [2026-10-01 02:00:54] hearts: 累計 408件 (今回 +0件)
[2026-10-01 02:00:54] [2026-10-01 02:00:54] hearts: 詳細取得が必要な曲はありません
[2026-10-01 02:00:54] [2026-10-01 02:00:54] 原曲キー: 新規取得が必要な曲はありません
[2026-10-01 02:00:55] [2026-10-01 02:00:55] 完了: {"ai": {"total": 876, "added": 0, "detailFetched": 0}, "dxg": {"total": 206, "added": 0, "detailFetched": 0}, "hearts": {"total": 408, "added": 0, "detailFetched": 0}}
[2026-10-01 02:00:55] [main cef3528] 謗｡轤ｹ繝・・繧ｿ譖ｴ譁ｰ 2026-10-01 02:00 JST (繝ｭ繝ｼ繧ｫ繝ｫ螳溯｡・
[2026-10-01 02:00:55]  3 files changed, 28 insertions(+), 1 deletion(-)
[2026-10-01 02:00:55]  create mode 100644 data/_debug/run_and_push_20261001_020002.log
[2026-10-01 02:00:59] To https://github.com/grifflet365/DAM_SAITEN.git
[2026-10-01 02:00:59]    3a2bfff..cef3528  main -> main
[2026-10-01 02:00:59] コミット&プッシュ完了: 採点データ更新 2026-10-01 02:00 JST (ローカル実行)
