[2026-09-29 14:00:02] git pull中...
[2026-09-29 14:00:03] Already up to date.
[2026-09-29 14:00:03] scrape_dam.py 実行中...
[2026-09-29 14:00:05] [2026-09-29 14:00:05] ログインページを取得中...
[2026-09-29 14:00:05] [2026-09-29 14:00:05] ログインPOSTを送信中...
[2026-09-29 14:00:05] [2026-09-29 14:00:05] ログイン成功。
[2026-09-29 14:00:05] [2026-09-29 14:00:05] cdmCardNo 取得済み (先頭6文字のみ表示: ODAwMD...)
[2026-09-29 14:00:05] [2026-09-29 14:00:05] 精密採点Ai のデータを取得中...
[2026-09-29 14:00:19] [2026-09-29 14:00:19] 精密採点Ai: 200件 取得
[2026-09-29 14:00:19] [2026-09-29 14:00:19] 精密採点DX-G のデータを取得中...
[2026-09-29 14:00:32] [2026-09-29 14:00:32] 精密採点DX-G: 200件 取得
[2026-09-29 14:00:32] [2026-09-29 14:00:32] 精密採点Ai Heart を試行中: GetScoringHeartsListXML.do
[2026-09-29 14:00:46] [2026-09-29 14:00:46] 精密採点Ai Heart: GetScoringHeartsListXML.do で 200件 取得成功
[2026-09-29 14:00:46] [2026-09-29 14:00:46] ai: 累計 876件 (今回 +0件)
[2026-09-29 14:00:46] [2026-09-29 14:00:46] ai: 詳細取得が必要な曲はありません
[2026-09-29 14:00:46] [2026-09-29 14:00:46] dxg: 累計 206件 (今回 +0件)
[2026-09-29 14:00:46] [2026-09-29 14:00:46] dxg: 詳細取得が必要な曲はありません
[2026-09-29 14:00:46] [2026-09-29 14:00:46] hearts: 累計 408件 (今回 +0件)
[2026-09-29 14:00:46] [2026-09-29 14:00:46] hearts: 詳細取得が必要な曲はありません
[2026-09-29 14:00:46] [2026-09-29 14:00:46] 原曲キー: 新規取得が必要な曲はありません
[2026-09-29 14:00:47] [2026-09-29 14:00:47] 完了: {"ai": {"total": 876, "added": 0, "detailFetched": 0}, "dxg": {"total": 206, "added": 0, "detailFetched": 0}, "hearts": {"total": 408, "added": 0, "detailFetched": 0}}
[2026-09-29 14:00:48] [main 5b3a176] 謗｡轤ｹ繝・・繧ｿ譖ｴ譁ｰ 2026-09-29 14:00 JST (繝ｭ繝ｼ繧ｫ繝ｫ螳溯｡・
[2026-09-29 14:00:48]  3 files changed, 28 insertions(+), 1 deletion(-)
[2026-09-29 14:00:48]  create mode 100644 data/_debug/run_and_push_20260929_140002.log
[2026-09-29 14:00:51] To https://github.com/grifflet365/DAM_SAITEN.git
[2026-09-29 14:00:51]    ca68b1f..5b3a176  main -> main
[2026-09-29 14:00:51] コミット&プッシュ完了: 採点データ更新 2026-09-29 14:00 JST (ローカル実行)
